{"level":"info","message":"🚀 Serveur FruitImport démarré sur http://localhost:3000","timestamp":"2026-06-18 10:24:47"}
{"level":"info","message":"📋 Environnement : development","timestamp":"2026-06-18 10:24:47"}
{"level":"info","message":"POST /auth/login → 200 (503ms)","timestamp":"2026-06-18 10:25:05"}
{"level":"info","message":"🚀 Serveur FruitImport démarré sur http://localhost:3000","timestamp":"2026-06-18 10:41:59"}
{"level":"info","message":"📋 Environnement : development","timestamp":"2026-06-18 10:41:59"}
{"level":"info","message":"POST /auth/login → 200 (622ms)","timestamp":"2026-06-18 10:42:36"}
{"level":"info","message":"GET /stock?agence_id=1 → 404 (1ms)","timestamp":"2026-06-18 10:42:36"}
{"level":"info","message":"GET /stock/alertes → 404 (1ms)","timestamp":"2026-06-18 10:42:36"}
{"level":"info","message":"GET /clients → 404 (1ms)","timestamp":"2026-06-18 10:42:36"}
{"level":"info","message":"🚀 Serveur FruitImport démarré sur http://localhost:3000","timestamp":"2026-06-18 10:43:47"}
{"level":"info","message":"📋 Environnement : development","timestamp":"2026-06-18 10:43:47"}
{"level":"info","message":"POST /auth/login → 200 (533ms)","timestamp":"2026-06-18 10:44:26"}
{"level":"info","message":"GET /stock?agence_id=1 → 404 (1ms)","timestamp":"2026-06-18 10:44:26"}
{"level":"info","message":"🚀 Serveur FruitImport démarré sur http://localhost:3000","timestamp":"2026-06-18 11:10:44"}
{"level":"info","message":"📋 Environnement : development","timestamp":"2026-06-18 11:10:44"}
{"level":"info","message":"POST /auth/login → 200 (817ms)","timestamp":"2026-06-18 11:11:52"}
{"level":"info","message":"GET /stock?agence_id=1 → 200 (158ms)","timestamp":"2026-06-18 11:11:52"}
{"level":"info","message":"GET /stock/alertes → 200 (31ms)","timestamp":"2026-06-18 11:11:52"}
{"level":"info","message":"GET /clients → 200 (101ms)","timestamp":"2026-06-18 11:11:53"}
{"level":"info","message":"Serveur FruitImport demarre sur http://localhost:3000","timestamp":"2026-06-18 11:16:18"}
{"level":"info","message":"Environnement : development","timestamp":"2026-06-18 11:16:18"}
{"level":"info","message":"POST /auth/login → 200 (511ms)","timestamp":"2026-06-18 11:16:53"}
{"level":"info","message":"GET /dashboard/pdg → 200 (201ms)","timestamp":"2026-06-18 11:16:53"}
{"level":"info","message":"Serveur FruitImport demarre sur http://localhost:3000","timestamp":"2026-06-19 13:08:54"}
{"level":"info","message":"Environnement : development","timestamp":"2026-06-19 13:08:54"}
{"level":"info","message":"Serveur FruitImport demarre sur http://localhost:3000","timestamp":"2026-06-19 14:59:47"}
{"level":"info","message":"Environnement : development","timestamp":"2026-06-19 14:59:47"}
{"level":"info","message":"GET /health → 200 (7ms)","timestamp":"2026-06-19 15:00:04"}
{"level":"info","message":"GET /health → 200 (2ms)","timestamp":"2026-06-19 15:14:33"}
{"level":"info","message":"Serveur FruitImport demarre sur http://localhost:3000","timestamp":"2026-06-22 16:49:15"}
{"level":"info","message":"Environnement : development","timestamp":"2026-06-22 16:49:15"}
{"level":"info","message":"Serveur FruitImport demarre sur http://localhost:3000","timestamp":"2026-06-22 16:58:46"}
{"level":"info","message":"Environnement : development","timestamp":"2026-06-22 16:58:46"}
{"level":"info","message":"GET /health → 200 (37ms)","timestamp":"2026-06-22 17:08:31"}
{"level":"info","message":"POST /auth/login → 401 (3449ms)","timestamp":"2026-06-22 17:10:56"}
{"level":"info","message":"POST /auth/login → 401 (87ms)","timestamp":"2026-06-22 17:13:15"}
{"level":"info","message":"POST /auth/login → 401 (56ms)","timestamp":"2026-06-22 17:14:20"}
{"level":"info","message":"POST /auth/login → 401 (75ms)","timestamp":"2026-06-22 17:18:27"}
{"level":"info","message":"POST /auth/login → 401 (9ms)","timestamp":"2026-06-22 17:18:45"}
{"level":"info","message":"POST /auth/login → 401 (29ms)","timestamp":"2026-06-22 17:18:47"}
{"level":"info","message":"POST /auth/login → 200 (1182ms)","timestamp":"2026-06-22 17:20:17"}
{"level":"info","message":"POST /auth/login → 401 (454ms)","timestamp":"2026-06-22 17:24:27"}
{"level":"info","message":"POST /auth/login → 401 (582ms)","timestamp":"2026-06-22 17:28:00"}
{"level":"info","message":"POST /auth/login → 200 (448ms)","timestamp":"2026-06-22 17:30:30"}
{"level":"info","message":"POST /auth/login → 401 (564ms)","timestamp":"2026-06-22 17:35:14"}
{"level":"info","message":"GET /health → 200 (1ms)","timestamp":"2026-06-22 17:36:50"}
{"level":"info","message":"POST /auth/login → 401 (441ms)","timestamp":"2026-06-22 17:40:13"}
{"level":"info","message":"Serveur FruitImport demarre sur http://localhost:3000","timestamp":"2026-06-22 17:45:29"}
{"level":"info","message":"Environnement : development","timestamp":"2026-06-22 17:45:29"}
{"level":"info","message":"Serveur FruitImport demarre sur http://localhost:3000","timestamp":"2026-06-23 03:29:53"}
{"level":"info","message":"Environnement : development","timestamp":"2026-06-23 03:29:53"}
{"level":"info","message":"GET /health → 200 (6ms)","timestamp":"2026-06-23 03:31:09"}
{"level":"info","message":"POST /auth/login → 401 (969ms)","timestamp":"2026-06-23 03:36:52"}
{"level":"info","message":"POST /auth/login → 401 (36ms)","timestamp":"2026-06-23 03:40:39"}
{"level":"info","message":"POST /auth/login → 401 (12ms)","timestamp":"2026-06-23 03:42:28"}
{"level":"info","message":"Serveur FruitImport demarre sur http://localhost:3000","timestamp":"2026-06-23 03:45:13"}
{"level":"info","message":"Environnement : development","timestamp":"2026-06-23 03:45:13"}
{"level":"info","message":"POST /auth/login → 200 (1395ms)","timestamp":"2026-06-23 03:45:38"}
{"level":"info","message":"POST /auth/login → 401 (441ms)","timestamp":"2026-06-23 03:46:34"}
{"level":"info","message":"POST /auth/login → 401 (434ms)","timestamp":"2026-06-23 03:46:42"}
{"level":"info","message":"POST /auth/login → 401 (436ms)","timestamp":"2026-06-23 03:50:55"}
{"level":"info","message":"POST /auth/login → 200 (486ms)","timestamp":"2026-06-23 04:02:33"}
{"level":"info","message":"POST /auth/login → 200 (122ms)","timestamp":"2026-06-23 04:04:17"}
{"level":"info","message":"GET /dashboard/pdg → 200 (1079ms)","timestamp":"2026-06-23 04:04:18"}
{"level":"info","message":"GET /admin/users → 200 (27ms)","timestamp":"2026-06-23 04:04:37"}
{"level":"info","message":"GET /clients?page=1 → 200 (10ms)","timestamp":"2026-06-23 04:04:49"}
{"level":"info","message":"GET /transferts?statut=EN_ATTENTE → 200 (28ms)","timestamp":"2026-06-23 04:04:59"}
{"level":"info","message":"POST /auth/login → 401 (103ms)","timestamp":"2026-06-23 04:05:30"}
{"level":"info","message":"POST /auth/login → 401 (107ms)","timestamp":"2026-06-23 04:05:39"}
{"level":"info","message":"POST /auth/login → 401 (108ms)","timestamp":"2026-06-23 04:05:55"}
{"level":"info","message":"POST /auth/login → 200 (108ms)","timestamp":"2026-06-23 04:06:32"}
{"level":"info","message":"GET /dashboard/pdg → 200 (33ms)","timestamp":"2026-06-23 04:06:32"}
{"level":"info","message":"GET /admin/users → 200 (3ms)","timestamp":"2026-06-23 04:07:07"}
{"level":"info","message":"GET /clients?page=1 → 200 (4ms)","timestamp":"2026-06-23 04:07:19"}
{"level":"info","message":"GET /transferts?statut=EN_ATTENTE → 200 (3ms)","timestamp":"2026-06-23 04:07:33"}
